// Jest Snapshot v1, https://goo.gl/fbAQLP

exports[`<Grid /> has 1 child 1`] = `
<View>
  <Text>
    Grid
  </Text>
  <Text>
    Grid
  </Text>
</View>
`;
