// Jest Snapshot v1, https://goo.gl/fbAQLP

exports[`Test all components render properly Additional info component renders correctly 1`] = `
<View
  style={
    Array [
      Object {
        "borderTopLeftRadius": 40,
        "borderTopRightRadius": 40,
        "flex": 1.5,
        "flexDirection": "column",
        "justifyContent": "center",
        "paddingLeft": 40,
        "paddingRight": 20,
      },
      Object {
        "backgroundColor": "#1b1b1b",
      },
    ]
  }
>
  <Text
    style={
      Array [
        Object {
          "fontSize": 20,
          "fontWeight": "bold",
          "marginBottom": 5,
        },
        Object {
          "color": "white",
        },
      ]
    }
  >
    Additional info
  </Text>
  <View
    style={
      Object {
        "flexDirection": "row",
        "flexWrap": "wrap",
        "marginTop": 10,
      }
    }
  >
    <View
      style={
        Object {
          "alignItems": "center",
          "flexDirection": "row",
          "paddingVertical": 8,
          "width": "50%",
        }
      }
    >
      <RNSVGSvgView
        align="xMidYMid"
        bbHeight={20}
        bbWidth={20}
        className="icon icon-tabler icon-tabler-wind"
        fill="none"
        focusable={false}
        height={20}
        meetOrSlice={0}
        minX={0}
        minY={0}
        stroke="#d3d9ff"
        strokeLinecap="round"
        strokeLinejoin="round"
        strokeWidth={1.5}
        style={
          Array [
            Object {
              "backgroundColor": "transparent",
              "borderWidth": 0,
            },
            Object {
              "flex": 0,
              "height": 20,
              "width": 20,
            },
          ]
        }
        vbHeight={24}
        vbWidth={24}
        width={20}
        xmlns="http://www.w3.org/2000/svg"
      >
        <RNSVGGroup
          fill={null}
          propList={
            Array [
              "fill",
              "stroke",
              "strokeWidth",
              "strokeLinecap",
              "strokeLinejoin",
            ]
          }
          stroke={4292073983}
          strokeLinecap={1}
          strokeLinejoin={1}
          strokeWidth={1.5}
        >
          <RNSVGPath
            d="M0 0h24v24H0z"
            propList={
              Array [
                "stroke",
              ]
            }
            stroke={null}
          />
          <RNSVGPath
            d="M5 8h8.5a2.5 2.5 0 1 0-2.34-3.24M3 12h15.5a2.5 2.5 0 1 1-2.34 3.24M4 16h5.5a2.5 2.5 0 1 1-2.34 3.24"
          />
        </RNSVGGroup>
      </RNSVGSvgView>
      <Text
        style={
          Object {
            "color": "#777575",
            "fontSize": 17,
            "marginLeft": 5,
          }
        }
      >
        Wind
        :
         
        <Text
          style={
            Array [
              Object {
                "fontWeight": "500",
              },
              Object {
                "color": "white",
              },
            ]
          }
        >
          undefined m/h
        </Text>
      </Text>
    </View>
    <View
      style={
        Object {
          "alignItems": "center",
          "flexDirection": "row",
          "paddingVertical": 8,
          "width": "50%",
        }
      }
    >
      <RNSVGSvgView
        align="xMidYMid"
        bbHeight={20}
        bbWidth={20}
        className="icon icon-tabler icon-tabler-droplet"
        fill="none"
        focusable={false}
        height={20}
        meetOrSlice={0}
        minX={0}
        minY={0}
        stroke="#d3d9ff"
        strokeLinecap="round"
        strokeLinejoin="round"
        strokeWidth={1.5}
        style={
          Array [
            Object {
              "backgroundColor": "transparent",
              "borderWidth": 0,
            },
            Object {
              "flex": 0,
              "height": 20,
              "width": 20,
            },
          ]
        }
        vbHeight={24}
        vbWidth={24}
        width={20}
        xmlns="http://www.w3.org/2000/svg"
      >
        <RNSVGGroup
          fill={null}
          propList={
            Array [
              "fill",
              "stroke",
              "strokeWidth",
              "strokeLinecap",
              "strokeLinejoin",
            ]
          }
          stroke={4292073983}
          strokeLinecap={1}
          strokeLinejoin={1}
          strokeWidth={1.5}
        >
          <RNSVGPath
            d="M0 0h24v24H0z"
            propList={
              Array [
                "stroke",
              ]
            }
            stroke={null}
          />
          <RNSVGPath
            d="M6.8 11a6 6 0 1 0 10.396 0l-5.197-8-5.2 8z"
          />
        </RNSVGGroup>
      </RNSVGSvgView>
      <Text
        style={
          Object {
            "color": "#777575",
            "fontSize": 17,
            "marginLeft": 5,
          }
        }
      >
        Humidity
        :
         
        <Text
          style={
            Array [
              Object {
                "fontWeight": "500",
              },
              Object {
                "color": "white",
              },
            ]
          }
        >
          undefined %
        </Text>
      </Text>
    </View>
    <View
      style={
        Object {
          "alignItems": "center",
          "flexDirection": "row",
          "paddingVertical": 8,
          "width": "50%",
        }
      }
    >
      <RNSVGSvgView
        align="xMidYMid"
        bbHeight={20}
        bbWidth={20}
        className="icon icon-tabler icon-tabler-sunrise"
        fill="none"
        focusable={false}
        height={20}
        meetOrSlice={0}
        minX={0}
        minY={0}
        stroke="#ffbf00"
        strokeLinecap="round"
        strokeLinejoin="round"
        strokeWidth={1.5}
        style={
          Array [
            Object {
              "backgroundColor": "transparent",
              "borderWidth": 0,
            },
            Object {
              "flex": 0,
              "height": 20,
              "width": 20,
            },
          ]
        }
        vbHeight={24}
        vbWidth={24}
        width={20}
        xmlns="http://www.w3.org/2000/svg"
      >
        <RNSVGGroup
          fill={null}
          propList={
            Array [
              "fill",
              "stroke",
              "strokeWidth",
              "strokeLinecap",
              "strokeLinejoin",
            ]
          }
          stroke={4294950656}
          strokeLinecap={1}
          strokeLinejoin={1}
          strokeWidth={1.5}
        >
          <RNSVGPath
            d="M0 0h24v24H0z"
            propList={
              Array [
                "stroke",
              ]
            }
            stroke={null}
          />
          <RNSVGPath
            d="M3 17h1m16 0h1M5.6 10.6l.7.7m12.1-.7-.7.7M8 17a4 4 0 0 1 8 0M3 21h18M12 9V3l3 3M9 6l3-3"
          />
        </RNSVGGroup>
      </RNSVGSvgView>
      <Text
        style={
          Object {
            "color": "#777575",
            "fontSize": 17,
            "marginLeft": 5,
          }
        }
      >
        Sunrise
        :
         
        <Text
          style={
            Array [
              Object {
                "fontWeight": "500",
              },
              Object {
                "color": "white",
              },
            ]
          }
        >
          ERROR 
        </Text>
      </Text>
    </View>
    <View
      style={
        Object {
          "alignItems": "center",
          "flexDirection": "row",
          "paddingVertical": 8,
          "width": "50%",
        }
      }
    >
      <RNSVGSvgView
        align="xMidYMid"
        bbHeight={20}
        bbWidth={20}
        className="icon icon-tabler icon-tabler-sunset"
        fill="none"
        focusable={false}
        height={20}
        meetOrSlice={0}
        minX={0}
        minY={0}
        stroke="#ff9300"
        strokeLinecap="round"
        strokeLinejoin="round"
        strokeWidth={1.5}
        style={
          Array [
            Object {
              "backgroundColor": "transparent",
              "borderWidth": 0,
            },
            Object {
              "flex": 0,
              "height": 20,
              "width": 20,
            },
          ]
        }
        vbHeight={24}
        vbWidth={24}
        width={20}
        xmlns="http://www.w3.org/2000/svg"
      >
        <RNSVGGroup
          fill={null}
          propList={
            Array [
              "fill",
              "stroke",
              "strokeWidth",
              "strokeLinecap",
              "strokeLinejoin",
            ]
          }
          stroke={4294939392}
          strokeLinecap={1}
          strokeLinejoin={1}
          strokeWidth={1.5}
        >
          <RNSVGPath
            d="M0 0h24v24H0z"
            propList={
              Array [
                "stroke",
              ]
            }
            stroke={null}
          />
          <RNSVGPath
            d="M3 17h1m16 0h1M5.6 10.6l.7.7m12.1-.7-.7.7M8 17a4 4 0 0 1 8 0M3 21h18M12 3v6l3-3M9 6l3 3"
          />
        </RNSVGGroup>
      </RNSVGSvgView>
      <Text
        style={
          Object {
            "color": "#777575",
            "fontSize": 17,
            "marginLeft": 5,
          }
        }
      >
        Sunset
        :
         
        <Text
          style={
            Array [
              Object {
                "fontWeight": "500",
              },
              Object {
                "color": "white",
              },
            ]
          }
        >
          ERROR 
        </Text>
      </Text>
    </View>
    <View
      style={
        Object {
          "alignItems": "center",
          "flexDirection": "row",
          "paddingVertical": 8,
          "width": "50%",
        }
      }
    >
      <RNSVGSvgView
        align="xMidYMid"
        bbHeight={20}
        bbWidth={20}
        className="icon icon-tabler icon-tabler-temperature"
        fill="none"
        focusable={false}
        height={20}
        meetOrSlice={0}
        minX={0}
        minY={0}
        stroke="#d3d9ff"
        strokeLinecap="round"
        strokeLinejoin="round"
        strokeWidth={1.5}
        style={
          Array [
            Object {
              "backgroundColor": "transparent",
              "borderWidth": 0,
            },
            Object {
              "flex": 0,
              "height": 20,
              "width": 20,
            },
          ]
        }
        vbHeight={24}
        vbWidth={24}
        width={20}
        xmlns="http://www.w3.org/2000/svg"
      >
        <RNSVGGroup
          fill={null}
          propList={
            Array [
              "fill",
              "stroke",
              "strokeWidth",
              "strokeLinecap",
              "strokeLinejoin",
            ]
          }
          stroke={4292073983}
          strokeLinecap={1}
          strokeLinejoin={1}
          strokeWidth={1.5}
        >
          <RNSVGPath
            d="M0 0h24v24H0z"
            propList={
              Array [
                "stroke",
              ]
            }
            stroke={null}
          />
          <RNSVGPath
            d="M10 13.5a4 4 0 1 0 4 0V5a2 2 0 0 0-4 0v8.5M10 9h4"
          />
        </RNSVGGroup>
      </RNSVGSvgView>
      <Text
        style={
          Object {
            "color": "#777575",
            "fontSize": 17,
            "marginLeft": 5,
          }
        }
      >
        Press
        :
         
        <Text
          style={
            Array [
              Object {
                "fontWeight": "500",
              },
              Object {
                "color": "white",
              },
            ]
          }
        >
          undefined Mb
        </Text>
      </Text>
    </View>
    <View
      style={
        Object {
          "alignItems": "center",
          "flexDirection": "row",
          "paddingVertical": 8,
          "width": "50%",
        }
      }
    >
      <RNSVGSvgView
        align="xMidYMid"
        bbHeight={20}
        bbWidth={20}
        className="icon icon-tabler icon-tabler-eyeglass"
        fill="none"
        focusable={false}
        height={20}
        meetOrSlice={0}
        minX={0}
        minY={0}
        stroke="#d3d9ff"
        strokeLinecap="round"
        strokeLinejoin="round"
        strokeWidth={1.5}
        style={
          Array [
            Object {
              "backgroundColor": "transparent",
              "borderWidth": 0,
            },
            Object {
              "flex": 0,
              "height": 20,
              "width": 20,
            },
          ]
        }
        vbHeight={24}
        vbWidth={24}
        width={20}
        xmlns="http://www.w3.org/2000/svg"
      >
        <RNSVGGroup
          fill={null}
          propList={
            Array [
              "fill",
              "stroke",
              "strokeWidth",
              "strokeLinecap",
              "strokeLinejoin",
            ]
          }
          stroke={4292073983}
          strokeLinecap={1}
          strokeLinejoin={1}
          strokeWidth={1.5}
        >
          <RNSVGPath
            d="M0 0h24v24H0z"
            propList={
              Array [
                "stroke",
              ]
            }
            stroke={null}
          />
          <RNSVGPath
            d="M8 4H6L3 14M16 4h2l3 10M10 16h4M21 16.5a3.5 3.5 0 0 1-7 0V14h7v2.5M10 16.5a3.5 3.5 0 0 1-7 0V14h7v2.5"
          />
        </RNSVGGroup>
      </RNSVGSvgView>
      <Text
        style={
          Object {
            "color": "#777575",
            "fontSize": 17,
            "marginLeft": 5,
          }
        }
      >
        UV
        :
         
        <Text
          style={
            Array [
              Object {
                "fontWeight": "500",
              },
              Object {
                "color": "white",
              },
            ]
          }
        >
          undefined 
        </Text>
      </Text>
    </View>
  </View>
</View>
`;

exports[`Test all components render properly Button renders correctly 1`] = `
<View
  accessible={true}
  collapsable={false}
  focusable={false}
  onClick={[Function]}
  onResponderGrant={[Function]}
  onResponderMove={[Function]}
  onResponderRelease={[Function]}
  onResponderTerminate={[Function]}
  onResponderTerminationRequest={[Function]}
  onStartShouldSetResponder={[Function]}
  style={
    Object {
      "alignItems": "center",
      "backgroundColor": "#ffbf00",
      "borderRadius": 10,
      "flexDirection": "row",
      "marginTop": 20,
      "opacity": 1,
      "paddingHorizontal": 70,
      "paddingVertical": 20,
    }
  }
>
  <Text
    style={
      Object {
        "color": "#273365",
        "fontSize": 25,
        "fontWeight": "700",
      }
    }
  />
</View>
`;

exports[`Test all components render properly Hourly Weather component renders correctly 1`] = `
<View
  style={
    Array [
      Object {
        "flex": 1,
        "flexDirection": "column",
        "justifyContent": "flex-start",
        "paddingLeft": 40,
        "paddingRight": 40,
      },
      Object {
        "backgroundColor": "#1b1b1b",
      },
    ]
  }
>
  <View>
    <Text
      style={
        Array [
          Object {
            "color": "#273365",
            "fontSize": 20,
            "fontWeight": "bold",
            "marginBottom": 20,
          },
          Object {
            "color": "white",
          },
        ]
      }
    >
      Hourly weather
    </Text>
  </View>
  <View>
    <RCTScrollView
      getItem={[Function]}
      getItemCount={[Function]}
      horizontal={true}
      keyExtractor={[Function]}
      onContentSizeChange={[Function]}
      onLayout={[Function]}
      onMomentumScrollBegin={[Function]}
      onMomentumScrollEnd={[Function]}
      onScroll={[Function]}
      onScrollBeginDrag={[Function]}
      onScrollEndDrag={[Function]}
      removeClippedSubviews={false}
      renderItem={[Function]}
      scrollEventThrottle={50}
      showsHorizontalScrollIndicator={false}
      stickyHeaderIndices={Array []}
      viewabilityConfigCallbackPairs={Array []}
    >
      <View />
    </RCTScrollView>
  </View>
</View>
`;

exports[`Test all components render properly Weather card renders correctly 1`] = `
<View
  style={
    Array [
      Object {
        "alignItems": "center",
        "flex": 2,
        "justifyContent": "center",
      },
      Object {
        "backgroundColor": "#222222",
      },
    ]
  }
/>
`;
